{"level":"info","message":"Server: 3001 => dev","timestamp":"2024-09-19T16:45:41.524Z"}
{"level":"info","message":"Server: 3001 => dev","timestamp":"2024-09-19T16:46:04.909Z"}
{"level":"info","message":"Server: 3001 => dev","timestamp":"2024-09-19T16:47:01.418Z"}
{"level":"info","message":"Server: 3001 => dev","timestamp":"2024-09-19T16:47:23.941Z"}
{"level":"info","message":"Server: 3001 => dev","timestamp":"2024-09-19T16:49:51.040Z"}
{"level":"info","message":"Server: 3001 => dev","timestamp":"2024-09-19T16:59:12.236Z"}
{"level":"info","message":"Server: 3001 => dev","timestamp":"2024-09-19T17:02:27.066Z"}
{"level":"info","message":"Server: 3001 => dev","timestamp":"2024-09-19T17:07:58.492Z"}
{"level":"info","message":"Server: 3001 => dev","timestamp":"2024-09-19T17:10:30.075Z"}
{"level":"info","message":"user logged in => accessToken eyJhbGciOiJIUzI1NiIsInR5cCI6IkpXVCJ9.eyJ1c2VySWQiOjEsInJvbGUiOnRydWUsImlhdCI6MTcyNjc2NTg4MiwiZXhwIjoxNzI2NzY5NDgyfQ.-A8w9V1FEh40Doa5FGk67O5vKhEra1bXfzocR1iz79A - refreshToken eyJhbGciOiJIUzI1NiIsInR5cCI6IkpXVCJ9.eyJ1c2VySWQiOjEsInJvbGUiOnRydWUsImlhdCI6MTcyNjc2NTg4MiwiZXhwIjoxNzI3MzcwNjgyfQ.ZXADoRrVUKB7yY1-q5zECk_aGogonMjZTecG8EMrHKE","timestamp":"2024-09-19T17:11:22.596Z"}
{"level":"info","message":"user logged in => accessToken eyJhbGciOiJIUzI1NiIsInR5cCI6IkpXVCJ9.eyJ1c2VySWQiOjEsInJvbGUiOnRydWUsImlhdCI6MTcyNjc2NTkzNCwiZXhwIjoxNzI2NzY5NTM0fQ.OG9U_Q1NlHDgcqOH-CpvgvdP3DPM44df7UZ6iDqszJw - refreshToken eyJhbGciOiJIUzI1NiIsInR5cCI6IkpXVCJ9.eyJ1c2VySWQiOjEsInJvbGUiOnRydWUsImlhdCI6MTcyNjc2NTkzNCwiZXhwIjoxNzI3MzcwNzM0fQ.fODE6VoLoW1SWPGsP7f4DNwAznPRT8ZVt--KclWZIqc","timestamp":"2024-09-19T17:12:14.893Z"}
{"level":"info","message":"Server: 3001 => dev","timestamp":"2024-09-19T17:14:04.177Z"}
{"level":"info","message":"Server: 3001 => dev","timestamp":"2024-09-19T17:19:33.011Z"}
{"level":"info","message":"Server: 3001 => dev","timestamp":"2024-09-19T17:22:06.246Z"}
{"level":"info","message":"user logged in => accessToken eyJhbGciOiJIUzI1NiIsInR5cCI6IkpXVCJ9.eyJ1c2VySWQiOjEsInJvbGUiOnRydWUsImlhdCI6MTcyNjc2NjUzNCwiZXhwIjoxNzI2NzcwMTM0fQ.KNG7c01IL5WfJS5UF9AH8J6rc9n3WQUiGLGsGdgLTXg - refreshToken eyJhbGciOiJIUzI1NiIsInR5cCI6IkpXVCJ9.eyJ1c2VySWQiOjEsInJvbGUiOnRydWUsImlhdCI6MTcyNjc2NjUzNCwiZXhwIjoxNzI3MzcxMzM0fQ.M-9a_MwyumlGWAtVOOTslTiHwpiOzlvblMDG1uTAZFE","timestamp":"2024-09-19T17:22:14.023Z"}
{"level":"info","message":"user logged in => accessToken eyJhbGciOiJIUzI1NiIsInR5cCI6IkpXVCJ9.eyJ1c2VySWQiOjEsInJvbGUiOnRydWUsImlhdCI6MTcyNjc2NjYwMSwiZXhwIjoxNzI2NzcwMjAxfQ.66WTv47FmSbxUDs5TUotsibh8KHcipIJwJ33wJ_Ohfo - refreshToken eyJhbGciOiJIUzI1NiIsInR5cCI6IkpXVCJ9.eyJ1c2VySWQiOjEsInJvbGUiOnRydWUsImlhdCI6MTcyNjc2NjYwMSwiZXhwIjoxNzI3MzcxNDAxfQ.iCsq2GxdX8KuSvRVMZDuKwSQvUuFucXa1PCgEfpam1E","timestamp":"2024-09-19T17:23:21.538Z"}
{"level":"info","message":"user logged in => accessToken eyJhbGciOiJIUzI1NiIsInR5cCI6IkpXVCJ9.eyJ1c2VySWQiOjEsInJvbGUiOnRydWUsImlhdCI6MTcyNjc2NjY5MSwiZXhwIjoxNzI2NzcwMjkxfQ.PgnwR0htYWSMVKhVKUJZISViiMpv8kFxMu-MKQJRMgw - refreshToken eyJhbGciOiJIUzI1NiIsInR5cCI6IkpXVCJ9.eyJ1c2VySWQiOjEsInJvbGUiOnRydWUsImlhdCI6MTcyNjc2NjY5MSwiZXhwIjoxNzI3MzcxNDkxfQ.0hxAhPctnNJnuaKoZ2WcV-R-O2tr5woM1sGRVBSqQa8","timestamp":"2024-09-19T17:24:51.057Z"}
{"level":"info","message":"Server: 3001 => dev","timestamp":"2024-09-19T17:34:51.659Z"}
{"level":"info","message":"Server: 3001 => dev","timestamp":"2024-09-19T17:37:49.115Z"}
{"level":"info","message":"Server: 3001 => dev","timestamp":"2024-09-19T17:38:22.401Z"}
{"level":"info","message":"Server: 3001 => dev","timestamp":"2024-09-19T17:39:11.523Z"}
{"level":"info","message":"Server: 3001 => dev","timestamp":"2024-09-20T05:53:55.725Z"}
{"level":"info","message":"Server: 3001 => dev","timestamp":"2024-09-20T05:54:42.443Z"}
{"level":"info","message":"Server: 3001 => dev","timestamp":"2024-09-20T06:11:06.270Z"}
{"level":"info","message":"Server: 3001 => dev","timestamp":"2024-09-20T06:12:01.785Z"}
